🚀 Batch evaluation started (released layout)
🤖 Provider: parley
📁 Root Dir: fdb_v3_subset_5
📋 Loaded 100 scenarios from benchmark_data_v2.json
🔊 Loading ASR model...
🔊 Loading ASR model...
OneLogger: Setting error_handling_strategy to DISABLE_QUIETLY_AND_REPORT_METRIC_ERROR for rank (rank=0) with OneLogger disabled. To override: explicitly set error_handling_strategy parameter.
No exporters were provided. This means that no telemetry data will be collected.
Warning: You are sending unauthenticated requests to the HF Hub. Please set a HF_TOKEN to enable higher rate limits and faster downloads.
[NeMo I 2026-09-29 22:33:05 mixins:194] Tokenizer SentencePieceTokenizer initialized with 1024 tokens
[NeMo W 2026-09-29 22:33:05 modelPT:175] If you intend to do training or fine-tuning, please call the ModelPT.setup_training_data() method and provide a valid configuration file to setup the train data loader.
    Train config : 
    use_lhotse: true
    skip_missing_manifest_entries: true
    input_cfg: null
    tarred_audio_filepaths: null
    manifest_filepath: null
    sample_rate: 16000
    shuffle: true
    num_workers: 2
    pin_memory: true
    max_duration: 40.0
    min_duration: 0.1
    text_field: answer
    batch_duration: null
    use_bucketing: true
    bucket_duration_bins: null
    bucket_batch_size: null
    num_buckets: 30
    bucket_buffer_size: 20000
    shuffle_buffer_size: 10000
    
[NeMo W 2026-09-29 22:33:05 modelPT:182] If you intend to do validation, please call the ModelPT.setup_validation_data() or ModelPT.setup_multiple_validation_data() method and provide a valid configuration file to setup the validation data loader(s). 
    Validation config : 
    use_lhotse: true
    manifest_filepath: null
    sample_rate: 16000
    batch_size: 16
    shuffle: false
    max_duration: 40.0
    min_duration: 0.1
    num_workers: 2
    pin_memory: true
    text_field: answer
    
[NeMo I 2026-09-29 22:33:11 rnnt_models:226] Using RNNT Loss : tdt
    Loss tdt_kwargs: {'fastemit_lambda': 0.0, 'clamp': -1.0, 'durations': [0, 1, 2, 3, 4], 'sigma': 0.02, 'omega': 0.1}
[NeMo I 2026-09-29 22:33:11 rnnt_models:226] Using RNNT Loss : tdt
    Loss tdt_kwargs: {'fastemit_lambda': 0.0, 'clamp': -1.0, 'durations': [0, 1, 2, 3, 4], 'sigma': 0.02, 'omega': 0.1}
[NeMo W 2026-09-29 22:33:11 label_looping_base:143] No conditional node support for Cuda.
    Cuda graphs with while loops are disabled, decoding speed will be slower
    Reason: CUDA is not available
[NeMo I 2026-09-29 22:33:11 rnnt_models:226] Using RNNT Loss : tdt
    Loss tdt_kwargs: {'fastemit_lambda': 0.0, 'clamp': -1.0, 'durations': [0, 1, 2, 3, 4], 'sigma': 0.02, 'omega': 0.1}
[NeMo W 2026-09-29 22:33:11 label_looping_base:143] No conditional node support for Cuda.
    Cuda graphs with while loops are disabled, decoding speed will be slower
    Reason: CUDA is not available
[NeMo I 2026-09-29 22:33:14 save_restore_connector:287] Model EncDecRNNTBPEModel was successfully restored from /root/.cache/huggingface/hub/models--nvidia--parakeet-tdt-0.6b-v2/snapshots/ae9ad07059c7c739ffaf932226a8fe64ae2620b0/parakeet-tdt-0.6b-v2.nemo.
Traceback (most recent call last):
  File "/home/user/parley/third_party/Full-Duplex-Bench/v3/run_tool_benchmark_all_released.py", line 200, in <module>
    main()
  File "/home/user/parley/third_party/Full-Duplex-Bench/v3/run_tool_benchmark_all_released.py", line 121, in main
    asr_model = load_asr_model()
                ^^^^^^^^^^^^^^^^
  File "/home/user/parley/third_party/Full-Duplex-Bench/v3/run_tool_benchmark.py", line 134, in load_asr_model
    model = model.cuda()
            ^^^^^^^^^^^^
  File "/home/user/parley/.venv-fdb/lib/python3.11/site-packages/lightning/fabric/utilities/device_dtype_mixin.py", line 72, in cuda
    device = torch.device("cuda", torch.cuda.current_device())
                                  ^^^^^^^^^^^^^^^^^^^^^^^^^^^
  File "/home/user/parley/.venv-fdb/lib/python3.11/site-packages/torch/cuda/__init__.py", line 1267, in current_device
    _lazy_init()
  File "/home/user/parley/.venv-fdb/lib/python3.11/site-packages/torch/cuda/__init__.py", line 591, in _lazy_init
    torch._C._cuda_init()
RuntimeError: Found no NVIDIA driver on your system. Please check that you have an NVIDIA GPU and installed a driver from http://www.nvidia.com/Download/index.aspx
